../Core/Src/main.c:83:5:main	8	static
../Core/Src/main.c:151:6:SystemClock_Config	96	static
../Core/Src/main.c:194:13:MX_ADC_Init	24	static
../Core/Src/main.c:248:13:MX_USART1_UART_Init	8	static
../Core/Src/main.c:281:13:MX_DMA_Init	16	static
../Core/Src/main.c:302:13:MX_GPIO_Init	48	static
../Core/Src/main.c:328:6:DMA_Callback	16	static
../Core/Src/main.c:335:6:HAL_ADC_ConvCpltCallback	16	static
../Core/Src/main.c:342:6:HAL_ADC_ConvHalfCpltCallback	16	static
../Core/Src/main.c:355:6:Error_Handler	8	static,ignoring_inline_asm
