../Core/Src/main.c:84:5:main	48	static
../Core/Src/main.c:158:6:SystemClock_Config	96	static
../Core/Src/main.c:201:13:MX_ADC_Init	24	static
../Core/Src/main.c:255:13:MX_USART1_UART_Init	8	static
../Core/Src/main.c:288:13:MX_DMA_Init	16	static
../Core/Src/main.c:309:13:MX_GPIO_Init	48	static
../Core/Src/main.c:335:6:DMA_Callback	16	static
../Core/Src/main.c:342:6:ADC_Callback_Half	16	static
../Core/Src/main.c:346:6:ADC_Callback_Full	16	static
../Core/Src/main.c:356:6:Error_Handler	8	static,ignoring_inline_asm
