../Core/Src/1602alib.c:6:6:LCD_Init	16	static
../Core/Src/1602alib.c:37:6:LCD_Send_8	16	static
../Core/Src/1602alib.c:47:6:LCD_Send_4	16	static
../Core/Src/1602alib.c:63:6:LCD_Pulse_E_Pin	8	static
../Core/Src/1602alib.c:70:6:LCD_Clear_Display	8	static
../Core/Src/1602alib.c:75:6:LCD_Send_Word	72	dynamic
../Core/Src/1602alib.c:114:6:LCD_Send_Char_Array_At_Cursor	32	static
../Core/Src/1602alib.c:122:6:LCD_Set_Cursor_Pos	16	static
../Core/Src/1602alib.c:135:6:LCD_Char_Array_To_Uint8	24	static
../Core/Src/1602alib.c:145:6:Enable_All_Pins	8	static
